<form id="41ca5e09-3ce2-4094-b108-3ecc257c6fa4" title="Email subscription" action="http://form-api.dev/api/v1/41ca5e09-3ce2-4094-b108-3ecc257c6fa4" method="post" enctype="application/x-www-form-urlencoded"><label for="41ca5e09-3ce2-4094-b108-3ecc257c6fa4_email">Email</label><input id="41ca5e09-3ce2-4094-b108-3ecc257c6fa4_email" name="email" type="email" title="Email" maxlength="64" required><input id="41ca5e09-3ce2-4094-b108-3ecc257c6fa4__redirect" name="_redirect" type="hidden" value="https://kamil.samigullin.info/"><input type="submit"></form>
