<!DOCTYPE html>
<html lang="en">
<head>
    <meta charset="UTF-8">
    <title>Email subscription</title>
    <meta http-equiv="refresh" content="3600;url=https://kamil.samigullin.info/">
    <link rel="stylesheet" href="https://maxcdn.bootstrapcdn.com/bootstrap/4.0.0/css/bootstrap.min.css"
          integrity="sha384-Gn5384xqQ1aoWXA+058RXPxPg6fy4IWvTNh0E263XmFcJlSAwiGgFAW/dAiS6JXm" crossorigin="anonymous">
    <style>
        main { padding: 1rem; margin: 10rem 100px; border: .2rem solid #f7f7f9; }
    </style>
</head>
<body>
<div class="container">
    <div class="row">
        <div class="col-lg-12">
            <main><form lang="en" title="Email subscription" action="https://kamil.samigullin.info/" method="post" enctype="application/x-www-form-urlencoded"><div class="form-group row"><label for="email" class="col-sm-2 col-form-label">Email</label>
                                <div class="col-sm-10"><input id="email" class="form-control" name="email" type="email" title="Email" placeholder="Your email..." maxlength="64" required></div></div><input name="_redirect" type="hidden" value="https://kamil.samigullin.info/">
                        <input class="btn btn-danger" type="submit">
                    </form></main>
        </div>
    </div>
</div>
<script src="https://code.jquery.com/jquery-3.2.1.slim.min.js"
        integrity="sha384-KJ3o2DKtIkvYIK3UENzmM7KCkRr/rE9/Qpg6aAZGJwFDMVNA/GpGFF93hXpG5KkN"
        crossorigin="anonymous"></script>
<script src="https://cdnjs.cloudflare.com/ajax/libs/popper.js/1.12.9/umd/popper.min.js"
        integrity="sha384-ApNbgh9B+Y1QKtv3Rn7W3mgPxhU9K/ScQsAP7hUibX39j7fakFPskvXusvfa0b4Q"
        crossorigin="anonymous"></script>
<script src="https://maxcdn.bootstrapcdn.com/bootstrap/4.0.0/js/bootstrap.min.js"
        integrity="sha384-JZR6Spejh4U02d8jOt6vLEHfe/JQGiRRSQQxSfFWpi1MquVdAyjUar5+76PVCmYl"
        crossorigin="anonymous"></script>
</body>
</html>
